AllowPermissionsTo3rdPartyAPKs
CheckAVDIsOnline
CheckAvailableMagisks
CheckBlueStacksSUBinary
CopyBusyBox
CopyMagiskToAVD
DownLoadFile
DownloadUptoDateSript
ExecBusyBoxAsh
ExtractBusyboxFromScript
ExtractMagiskViaPM
FetchMagiskDLData
FetchMagiskRLCommits
FinalizeBlueStacks
FindSystemImages
FindUnzip
FindWorkingBusyBox
GetANDROIDHOME
GetAVDPKGRevision
GetBlueStacksRamdisk
GetPrettyVer
GetUSBHPmod
InstallMagiskIntoBlueStacksRamdisk
InstallMagiskTemporarily
InstallMagiskToAVD
MakeBlueStacksRW
MoveBusyBox
PrepBusyBoxAndMagisk
ProcessArguments
RemoveTemporarilyMagisk
SettingBlueStackMagiskPermissions
ShowHelpText
ShutDownAVD
TestADB
TestingBusyBoxVersion
UpdateBusyBoxToScript
abort_script
api_level_arch_detect
apply_ramdisk_hacks
checkfile
clone
compression_method
construct_environment
copyARCHfiles
create_backup
create_fake_boot_img
decompress_ramdisk
detect_ramdisk_compression_method
detecting_users
exit_magisk
extract_patched_ramdisk
extract_stock_ramdisk
find_next_pages
generate_build_prop
get_flags
getdir
install_apps
json_value
magisk_loader
mnt_bind
mnt_tmpfs
overlay
patching_ramdisk
process_fake_boot_img
pullfromAVD
pushtoAVD
random
random_str
rename_copy_magisk
repack_ramdisk
repacking_ramdisk
restore_backups
runMagisk_to_Patch_fake_boot_img
service
set_perm
set_perm_recursive
strip_html_links
strip_kernel_builds
strip_next_pages
test_ramdisk_patch_status
toggle_Ramdisk
unpack_patched_ramdisk_from_fake_boot_img
update_lib_modules
verify_ramdisk_origin
writeLittleEndian
